Just [Packaging ["scalaz","syntax"],TmplDef (TraitDef "Ops" ["A"] (TemplateBody [TemplateStatDcl (DclDef "self" [] [])]))]